✅ Embeddings enabled (OpenAI)
💾 Memory system initialized successfully!
SUCCESS: brave_search imported
